// Jest Snapshot v1, https://goo.gl/fbAQLP

exports[`<Card/> expect to render Card component 1`] = `ShallowWrapper {}`;
