// Jest Snapshot v1, https://goo.gl/fbAQLP

exports[`<CounterButton/> expect to render Card component 1`] = `ShallowWrapper {}`;
